[      47ms] [LOG] [Fast Refresh] done in 6ms @ http://localhost:3000/_next/static/chunks/1ztp_next_dist_1yyly_v._.js:776
[     197ms] [INFO] %cDownload the React DevTools for a better development experience: https://react.dev/link/react-devtools font-weight:bold @ http://localhost:3000/_next/static/chunks/1ztp_next_dist_1yyly_v._.js:776
[     227ms] [LOG] [HMR] connected @ http://localhost:3000/_next/static/chunks/1ztp_next_dist_1yyly_v._.js:776
[   55651ms] [LOG] [Fast Refresh] rebuilding @ http://localhost:3000/_next/static/chunks/1ztp_next_dist_1yyly_v._.js:776
[   55693ms] [LOG] [Fast Refresh] done in 6ms @ http://localhost:3000/_next/static/chunks/1ztp_next_dist_1yyly_v._.js:776
[   60474ms] [LOG] [Fast Refresh] done in 6ms @ http://localhost:3000/_next/static/chunks/1ztp_next_dist_1yyly_v._.js:776
[   64087ms] [INFO] %cDownload the React DevTools for a better development experience: https://react.dev/link/react-devtools font-weight:bold @ http://localhost:3000/_next/static/chunks/1ztp_next_dist_1yyly_v._.js:776
[   64120ms] [LOG] [HMR] connected @ http://localhost:3000/_next/static/chunks/1ztp_next_dist_1yyly_v._.js:776
[ 8203074ms] [LOG] [Fast Refresh] done in 9781ms @ http://localhost:3000/_next/static/chunks/1ztp_next_dist_1yyly_v._.js:776
[ 8209366ms] [LOG] [Fast Refresh] done in 9781ms @ http://localhost:3000/_next/static/chunks/1ztp_next_dist_1yyly_v._.js:776
[ 8220623ms] [LOG] [Fast Refresh] done in 9781ms @ http://localhost:3000/_next/static/chunks/1ztp_next_dist_1yyly_v._.js:776
[ 8221084ms] [LOG] [Fast Refresh] done in 9781ms @ http://localhost:3000/_next/static/chunks/1ztp_next_dist_1yyly_v._.js:776
[ 8224366ms] [LOG] [Fast Refresh] done in 9781ms @ http://localhost:3000/_next/static/chunks/1ztp_next_dist_1yyly_v._.js:776
[ 8234142ms] [LOG] [Fast Refresh] done in 9781ms @ http://localhost:3000/_next/static/chunks/1ztp_next_dist_1yyly_v._.js:776
[ 8234516ms] [LOG] [Fast Refresh] done in 9781ms @ http://localhost:3000/_next/static/chunks/1ztp_next_dist_1yyly_v._.js:776
[ 8239368ms] [LOG] [Fast Refresh] done in 9781ms @ http://localhost:3000/_next/static/chunks/1ztp_next_dist_1yyly_v._.js:776
[ 8241826ms] [LOG] [Fast Refresh] done in 9781ms @ http://localhost:3000/_next/static/chunks/1ztp_next_dist_1yyly_v._.js:776
[ 8242296ms] [LOG] [Fast Refresh] done in 9781ms @ http://localhost:3000/_next/static/chunks/1ztp_next_dist_1yyly_v._.js:776
[ 8249614ms] [LOG] [Fast Refresh] done in 9781ms @ http://localhost:3000/_next/static/chunks/1ztp_next_dist_1yyly_v._.js:776
[ 8250011ms] [LOG] [Fast Refresh] done in 9781ms @ http://localhost:3000/_next/static/chunks/1ztp_next_dist_1yyly_v._.js:776
[ 8254368ms] [LOG] [Fast Refresh] done in 9781ms @ http://localhost:3000/_next/static/chunks/1ztp_next_dist_1yyly_v._.js:776
[ 8259066ms] [LOG] [Fast Refresh] done in 9781ms @ http://localhost:3000/_next/static/chunks/1ztp_next_dist_1yyly_v._.js:776
[ 8259448ms] [LOG] [Fast Refresh] done in 9781ms @ http://localhost:3000/_next/static/chunks/1ztp_next_dist_1yyly_v._.js:776
[ 8269371ms] [LOG] [Fast Refresh] done in 9781ms @ http://localhost:3000/_next/static/chunks/1ztp_next_dist_1yyly_v._.js:776
[ 8284367ms] [LOG] [Fast Refresh] done in 9781ms @ http://localhost:3000/_next/static/chunks/1ztp_next_dist_1yyly_v._.js:776
[ 8299367ms] [LOG] [Fast Refresh] done in 9781ms @ http://localhost:3000/_next/static/chunks/1ztp_next_dist_1yyly_v._.js:776
[ 8314363ms] [LOG] [Fast Refresh] done in 9781ms @ http://localhost:3000/_next/static/chunks/1ztp_next_dist_1yyly_v._.js:776
[ 8329374ms] [LOG] [Fast Refresh] done in 9781ms @ http://localhost:3000/_next/static/chunks/1ztp_next_dist_1yyly_v._.js:776
[ 8329544ms] [LOG] [Fast Refresh] done in 9781ms @ http://localhost:3000/_next/static/chunks/1ztp_next_dist_1yyly_v._.js:776
[ 8341277ms] [LOG] [Fast Refresh] done in 9781ms @ http://localhost:3000/_next/static/chunks/1ztp_next_dist_1yyly_v._.js:776
[ 8344368ms] [LOG] [Fast Refresh] done in 9781ms @ http://localhost:3000/_next/static/chunks/1ztp_next_dist_1yyly_v._.js:776
[ 8350907ms] [LOG] [Fast Refresh] done in 9781ms @ http://localhost:3000/_next/static/chunks/1ztp_next_dist_1yyly_v._.js:776
[ 8359368ms] [LOG] [Fast Refresh] done in 9781ms @ http://localhost:3000/_next/static/chunks/1ztp_next_dist_1yyly_v._.js:776
[ 8374368ms] [LOG] [Fast Refresh] done in 9781ms @ http://localhost:3000/_next/static/chunks/1ztp_next_dist_1yyly_v._.js:776
[ 8376940ms] [LOG] [Fast Refresh] done in 9781ms @ http://localhost:3000/_next/static/chunks/1ztp_next_dist_1yyly_v._.js:776
[ 8389369ms] [LOG] [Fast Refresh] done in 9781ms @ http://localhost:3000/_next/static/chunks/1ztp_next_dist_1yyly_v._.js:776
[ 8404368ms] [LOG] [Fast Refresh] done in 9781ms @ http://localhost:3000/_next/static/chunks/1ztp_next_dist_1yyly_v._.js:776
[ 8419369ms] [LOG] [Fast Refresh] done in 9781ms @ http://localhost:3000/_next/static/chunks/1ztp_next_dist_1yyly_v._.js:776
[ 8434369ms] [LOG] [Fast Refresh] done in 9781ms @ http://localhost:3000/_next/static/chunks/1ztp_next_dist_1yyly_v._.js:776
[ 8449367ms] [LOG] [Fast Refresh] done in 9781ms @ http://localhost:3000/_next/static/chunks/1ztp_next_dist_1yyly_v._.js:776
[ 8464369ms] [LOG] [Fast Refresh] done in 9781ms @ http://localhost:3000/_next/static/chunks/1ztp_next_dist_1yyly_v._.js:776
[ 8479367ms] [LOG] [Fast Refresh] done in 9781ms @ http://localhost:3000/_next/static/chunks/1ztp_next_dist_1yyly_v._.js:776
[ 8494365ms] [LOG] [Fast Refresh] done in 9781ms @ http://localhost:3000/_next/static/chunks/1ztp_next_dist_1yyly_v._.js:776
[ 8509364ms] [LOG] [Fast Refresh] done in 9781ms @ http://localhost:3000/_next/static/chunks/1ztp_next_dist_1yyly_v._.js:776
[ 8524367ms] [LOG] [Fast Refresh] done in 9781ms @ http://localhost:3000/_next/static/chunks/1ztp_next_dist_1yyly_v._.js:776
[ 8539366ms] [LOG] [Fast Refresh] done in 9781ms @ http://localhost:3000/_next/static/chunks/1ztp_next_dist_1yyly_v._.js:776
[ 8554367ms] [LOG] [Fast Refresh] done in 9781ms @ http://localhost:3000/_next/static/chunks/1ztp_next_dist_1yyly_v._.js:776
[ 8569370ms] [LOG] [Fast Refresh] done in 9781ms @ http://localhost:3000/_next/static/chunks/1ztp_next_dist_1yyly_v._.js:776
[ 8584366ms] [LOG] [Fast Refresh] done in 9781ms @ http://localhost:3000/_next/static/chunks/1ztp_next_dist_1yyly_v._.js:776
[ 8599367ms] [LOG] [Fast Refresh] done in 9781ms @ http://localhost:3000/_next/static/chunks/1ztp_next_dist_1yyly_v._.js:776
[ 8604944ms] [LOG] [Fast Refresh] rebuilding @ http://localhost:3000/_next/static/chunks/1ztp_next_dist_1yyly_v._.js:776
[ 8605017ms] [LOG] [Fast Refresh] done in 4ms @ http://localhost:3000/_next/static/chunks/1ztp_next_dist_1yyly_v._.js:776
[ 8605085ms] [LOG] [Fast Refresh] done in 4ms @ http://localhost:3000/_next/static/chunks/1ztp_next_dist_1yyly_v._.js:776
[ 8605241ms] [LOG] [Fast Refresh] done in 4ms @ http://localhost:3000/_next/static/chunks/1ztp_next_dist_1yyly_v._.js:776
[ 8605276ms] [LOG] [Fast Refresh] done in 4ms @ http://localhost:3000/_next/static/chunks/1ztp_next_dist_1yyly_v._.js:776
[ 8620223ms] [LOG] [Fast Refresh] done in 4ms @ http://localhost:3000/_next/static/chunks/1ztp_next_dist_1yyly_v._.js:776
[ 8657004ms] [LOG] [Fast Refresh] rebuilding @ http://localhost:3000/_next/static/chunks/1ztp_next_dist_1yyly_v._.js:776
[ 8657062ms] [LOG] [Fast Refresh] done in 6ms @ http://localhost:3000/_next/static/chunks/1ztp_next_dist_1yyly_v._.js:776
[ 8657147ms] [LOG] [Fast Refresh] done in 6ms @ http://localhost:3000/_next/static/chunks/1ztp_next_dist_1yyly_v._.js:776
[ 8657208ms] [LOG] [Fast Refresh] done in 6ms @ http://localhost:3000/_next/static/chunks/1ztp_next_dist_1yyly_v._.js:776
[ 8657236ms] [LOG] [Fast Refresh] done in 6ms @ http://localhost:3000/_next/static/chunks/1ztp_next_dist_1yyly_v._.js:776
[ 8672194ms] [LOG] [Fast Refresh] done in 6ms @ http://localhost:3000/_next/static/chunks/1ztp_next_dist_1yyly_v._.js:776
[ 8673709ms] [LOG] [Fast Refresh] rebuilding @ http://localhost:3000/_next/static/chunks/1ztp_next_dist_1yyly_v._.js:776
[ 8673741ms] [LOG] [Fast Refresh] done in 17ms @ http://localhost:3000/_next/static/chunks/1ztp_next_dist_1yyly_v._.js:776
[ 8673763ms] ReferenceError: readStoredGatewayTier is not defined
    at Workbench (http://localhost:3000/_next/static/chunks/src_095bnyc._.js?id=%255Bproject%255D/src/components/studio.tsx+%255Bapp-client%255D+(ecmascript):222:381)
    at Object.react_stack_bottom_frame (http://localhost:3000/_next/static/chunks/1ztp_next_dist_compiled_react-dom_0oqsctn._.js:14894:24)
    at renderWithHooks (http://localhost:3000/_next/static/chunks/1ztp_next_dist_compiled_react-dom_0oqsctn._.js:4425:24)
    at updateFunctionComponent (http://localhost:3000/_next/static/chunks/1ztp_next_dist_compiled_react-dom_0oqsctn._.js:5892:21)
    at beginWork (http://localhost:3000/_next/static/chunks/1ztp_next_dist_compiled_react-dom_0oqsctn._.js:6518:24)
    at runWithFiberInDEV (http://localhost:3000/_next/static/chunks/1ztp_next_dist_compiled_react-dom_0oqsctn._.js:761:74)
    at performUnitOfWork (http://localhost:3000/_next/static/chunks/1ztp_next_dist_compiled_react-dom_0oqsctn._.js:9385:97)
    at workLoopSync (http://localhost:3000/_next/static/chunks/1ztp_next_dist_compiled_react-dom_0oqsctn._.js:9279:40)
    at renderRootSync (http://localhost:3000/_next/static/chunks/1ztp_next_dist_compiled_react-dom_0oqsctn._.js:9263:13)
    at performWorkOnRoot (http://localhost:3000/_next/static/chunks/1ztp_next_dist_compiled_react-dom_0oqsctn._.js:8928:47)
    at performSyncWorkOnRoot (http://localhost:3000/_next/static/chunks/1ztp_next_dist_compiled_react-dom_0oqsctn._.js:10093:9)
    at flushSyncWorkAcrossRoots_impl (http://localhost:3000/_next/static/chunks/1ztp_next_dist_compiled_react-dom_0oqsctn._.js:10009:316)
    at processRootScheduleInMicrotask (http://localhost:3000/_next/static/chunks/1ztp_next_dist_compiled_react-dom_0oqsctn._.js:10030:106)
    at http://localhost:3000/_next/static/chunks/1ztp_next_dist_compiled_react-dom_0oqsctn._.js:10104:158
[ 8681485ms] [LOG] [Fast Refresh] rebuilding @ http://localhost:3000/_next/static/chunks/1ztp_next_dist_1yyly_v._.js:776
[ 8681508ms] [WARNING] [Fast Refresh] performing full reload because your application had an unrecoverable error @ http://localhost:3000/_next/static/chunks/1ztp_next_dist_1yyly_v._.js:776
[ 8681517ms] [ERROR] Encountered a script tag while rendering React component. Scripts inside React components are never executed when rendering on the client. Consider using template tag instead (https://developer.mozilla.org/en-US/docs/Web/HTML/Element/template). @ http://localhost:3000/_next/static/chunks/1ztp_next_dist_1yyly_v._.js:1052
[ 8681556ms] [LOG] [Fast Refresh] done in 60ms @ http://localhost:3000/_next/static/chunks/1ztp_next_dist_1yyly_v._.js:776
[ 8681717ms] [INFO] %cDownload the React DevTools for a better development experience: https://react.dev/link/react-devtools font-weight:bold @ http://localhost:3000/_next/static/chunks/1ztp_next_dist_1yyly_v._.js:776
[ 8681735ms] [LOG] [HMR] connected @ http://localhost:3000/_next/static/chunks/1ztp_next_dist_1yyly_v._.js:776
[ 8701050ms] [LOG] [Fast Refresh] rebuilding @ http://localhost:3000/_next/static/chunks/1ztp_next_dist_1yyly_v._.js:776
[ 8701146ms] [LOG] [Fast Refresh] done in 28ms @ http://localhost:3000/_next/static/chunks/1ztp_next_dist_1yyly_v._.js:776
[ 8701166ms] [LOG] [Fast Refresh] done in 28ms @ http://localhost:3000/_next/static/chunks/1ztp_next_dist_1yyly_v._.js:776
[ 8701239ms] [LOG] [Fast Refresh] done in 28ms @ http://localhost:3000/_next/static/chunks/1ztp_next_dist_1yyly_v._.js:776
[ 8701317ms] [LOG] [Fast Refresh] done in 28ms @ http://localhost:3000/_next/static/chunks/1ztp_next_dist_1yyly_v._.js:776
[ 8716291ms] [LOG] [Fast Refresh] done in 28ms @ http://localhost:3000/_next/static/chunks/1ztp_next_dist_1yyly_v._.js:776
[ 8718557ms] [LOG] [Fast Refresh] rebuilding @ http://localhost:3000/_next/static/chunks/1ztp_next_dist_1yyly_v._.js:776
[ 8718588ms] [LOG] [Fast Refresh] done in 6ms @ http://localhost:3000/_next/static/chunks/1ztp_next_dist_1yyly_v._.js:776
[ 8718630ms] [LOG] [Fast Refresh] done in 6ms @ http://localhost:3000/_next/static/chunks/1ztp_next_dist_1yyly_v._.js:776
[ 8730781ms] [LOG] [Fast Refresh] rebuilding @ http://localhost:3000/_next/static/chunks/1ztp_next_dist_1yyly_v._.js:776
[ 8730842ms] [LOG] [Fast Refresh] done in 4ms @ http://localhost:3000/_next/static/chunks/1ztp_next_dist_1yyly_v._.js:776
[ 8731287ms] [LOG] [Fast Refresh] done in 4ms @ http://localhost:3000/_next/static/chunks/1ztp_next_dist_1yyly_v._.js:776
[ 8746294ms] [LOG] [Fast Refresh] done in 4ms @ http://localhost:3000/_next/static/chunks/1ztp_next_dist_1yyly_v._.js:776
