[      54ms] [LOG] [Fast Refresh] done in 4ms @ http://localhost:3000/_next/static/chunks/1ztp_next_dist_1yyly_v._.js:776
[     177ms] [INFO] %cDownload the React DevTools for a better development experience: https://react.dev/link/react-devtools font-weight:bold @ http://localhost:3000/_next/static/chunks/1ztp_next_dist_1yyly_v._.js:776
[     191ms] [LOG] [HMR] connected @ http://localhost:3000/_next/static/chunks/1ztp_next_dist_1yyly_v._.js:776
[   31078ms] [LOG] [Fast Refresh] rebuilding @ http://localhost:3000/_next/static/chunks/1ztp_next_dist_1yyly_v._.js:776
[   31120ms] [LOG] [Fast Refresh] done in 38ms @ http://localhost:3000/_next/static/chunks/1ztp_next_dist_1yyly_v._.js:776
[   31191ms] [LOG] [Fast Refresh] done in 38ms @ http://localhost:3000/_next/static/chunks/1ztp_next_dist_1yyly_v._.js:776
[   31256ms] [LOG] [Fast Refresh] done in 38ms @ http://localhost:3000/_next/static/chunks/1ztp_next_dist_1yyly_v._.js:776
[   46124ms] [LOG] [Fast Refresh] done in 38ms @ http://localhost:3000/_next/static/chunks/1ztp_next_dist_1yyly_v._.js:776
[   46225ms] [LOG] [Fast Refresh] done in 38ms @ http://localhost:3000/_next/static/chunks/1ztp_next_dist_1yyly_v._.js:776
[   46548ms] [LOG] [Fast Refresh] done in 38ms @ http://localhost:3000/_next/static/chunks/1ztp_next_dist_1yyly_v._.js:776
[   61228ms] [LOG] [Fast Refresh] done in 38ms @ http://localhost:3000/_next/static/chunks/1ztp_next_dist_1yyly_v._.js:776
[   62227ms] [LOG] [Fast Refresh] rebuilding @ http://localhost:3000/_next/static/chunks/1ztp_next_dist_1yyly_v._.js:776
[   62283ms] [LOG] [Fast Refresh] done in 6ms @ http://localhost:3000/_next/static/chunks/1ztp_next_dist_1yyly_v._.js:776
[   62332ms] [LOG] [Fast Refresh] done in 6ms @ http://localhost:3000/_next/static/chunks/1ztp_next_dist_1yyly_v._.js:776
[   62467ms] [LOG] [Fast Refresh] done in 6ms @ http://localhost:3000/_next/static/chunks/1ztp_next_dist_1yyly_v._.js:776
[   77452ms] [LOG] [Fast Refresh] done in 6ms @ http://localhost:3000/_next/static/chunks/1ztp_next_dist_1yyly_v._.js:776
[   79100ms] [LOG] [Fast Refresh] done in 6ms @ http://localhost:3000/_next/static/chunks/1ztp_next_dist_1yyly_v._.js:776
[   92450ms] [LOG] [Fast Refresh] done in 6ms @ http://localhost:3000/_next/static/chunks/1ztp_next_dist_1yyly_v._.js:776
[  100961ms] [LOG] [Fast Refresh] done in 6ms @ http://localhost:3000/_next/static/chunks/1ztp_next_dist_1yyly_v._.js:776
[  107447ms] [LOG] [Fast Refresh] done in 6ms @ http://localhost:3000/_next/static/chunks/1ztp_next_dist_1yyly_v._.js:776
[  109314ms] [LOG] [Fast Refresh] done in 6ms @ http://localhost:3000/_next/static/chunks/1ztp_next_dist_1yyly_v._.js:776
[  122449ms] [LOG] [Fast Refresh] done in 6ms @ http://localhost:3000/_next/static/chunks/1ztp_next_dist_1yyly_v._.js:776
